[backblue.gif]
[fade.gif]
[index.html]
[cs229.stanford.edu/stanford.seal64.gif]
[cs229.stanford.edu/notes/cs229-notes1.ps]
[cs229.stanford.edu/notes/cs229-notes1.pdf]
[cs229.stanford.edu/notes/cs229-notes2.ps]
[cs229.stanford.edu/notes/cs229-notes2.pdf]
[cs229.stanford.edu/notes/cs229-notes3.ps]
[cs229.stanford.edu/notes/cs229-notes3.pdf]
[cs229.stanford.edu/notes/cs229-notes4.ps]
[cs229.stanford.edu/notes/cs229-notes4.pdf]
[cs229.stanford.edu/notes/cs229-notes5.ps]
[cs229.stanford.edu/notes/cs229-notes5.pdf]
[cs229.stanford.edu/notes/cs229-notes6.ps]
[cs229.stanford.edu/notes/cs229-notes6.pdf]
[cs229.stanford.edu/notes/cs229-notes7a.ps]
[cs229.stanford.edu/notes/cs229-notes7a.pdf]
[cs229.stanford.edu/notes/cs229-notes7b.ps]
[cs229.stanford.edu/notes/cs229-notes7b.pdf]
[cs229.stanford.edu/notes/cs229-notes8.ps]
[cs229.stanford.edu/notes/cs229-notes8.pdf]
[cs229.stanford.edu/notes/cs229-notes9.ps]
[cs229.stanford.edu/notes/cs229-notes9.pdf]
[cs229.stanford.edu/notes/cs229-notes10.ps]
[cs229.stanford.edu/notes/cs229-notes10.pdf]
[cs229.stanford.edu/notes/cs229-notes11.ps]
[cs229.stanford.edu/notes/cs229-notes11.pdf]
[cs229.stanford.edu/notes/cs229-notes12.ps]
[cs229.stanford.edu/notes/cs229-notes12.pdf]
[cs229.stanford.edu/extra-notes/loss-functions.pdf]
[cs229.stanford.edu/extra-notes/boosting.pdf]
[cs229.stanford.edu/extra-notes/boosting_example.m]
[cs229.stanford.edu/extra-notes/representer-function.pdf]
[cs229.stanford.edu/extra-notes/hoeffding.pdf]
[cs229.stanford.edu/section/cs229-linalg.pdf]
[cs229.stanford.edu/section/cs229-prob.pdf]
[cs229.stanford.edu/section/cs229-matlab.pdf]
[cs229.stanford.edu/section/matlab/sigmoid.m]
[cs229.stanford.edu/section/matlab/logistic_grad_ascent.m]
[cs229.stanford.edu/section/matlab/matlab_session.m]
[cs229.stanford.edu/section/cs229-cvxopt.ps]
[cs229.stanford.edu/section/cs229-cvxopt.pdf]
[cs229.stanford.edu/section/cs229-cvxopt2.ps]
[cs229.stanford.edu/section/cs229-cvxopt2.pdf]
[cs229.stanford.edu/section/cs229-hmm.ps]
[cs229.stanford.edu/section/cs229-hmm.pdf]
[cs229.stanford.edu/section/gaussians.pdf]
[cs229.stanford.edu/section/more_on_gaussians.pdf]
[cs229.stanford.edu/section/cs229-gaussian_processes.pdf]
[cs229.stanford.edu/materials/ML-advice.pdf]
[cs229.stanford.edu/materials/matlab.el]
[cs229.stanford.edu/materials/emacs]
[cs229.stanford.edu/materials.html]
[cs229.stanford.edu/proj2011/CharoensripongsaChenCheng-3DKinectObjectRecognition.pdf]
[cs229.stanford.edu/proj2011/Biancani-AHardScienceIsGoodToFind_finalPaper.pdf]
[cs229.stanford.edu/proj2011/Nichols-ALearnedApproachforLumpIdentificationInSoftTissueviaPalpation.pdf]
[cs229.stanford.edu/proj2011/CS229 Final Project Report.pdf]
[cs229.stanford.edu/proj2011/ChyanHsiehLengerich-A_Stock-Purchasing_Agent_from_Sentiment_Analysis_of_Twitter.pdf]
[cs229.stanford.edu/proj2011/SealMurrayKhaleq-AccentRecognition.pdf]
[cs229.stanford.edu/proj2011/Pancoast-AcousticFeaturesForMultimediaEventClassification.pdf]
[cs229.stanford.edu/proj2011/Cusumano-Towner-AnalyzingGeneExpressionTimeSeries.pdf]
[cs229.stanford.edu/proj2011/LinShankar-Applying Machine Learning to Product Categorization.pdf]
[cs229.stanford.edu/proj2011/Calafut-AttentionalBasedMultipleObjectTracking.pdf]
[cs229.stanford.edu/proj2011/Fang-AudioSourcesSeparationByClusteringTechniques.pdf]
[cs229.stanford.edu/proj2011/TrusheimChakoumakosYendluri-Automated_Market_Sentiment_analysis_of_Twitter_for_Options_Trading.pdf]
[cs229.stanford.edu/proj2011/ChristopherLinSpieckermann-AutomatedPatentClassification.pdf]
[cs229.stanford.edu/proj2011/Ho-MoviesGenresClassificationBySynopsis.pdf]
[cs229.stanford.edu/proj2011/Mutchler-AutomaticallyIdentifyingValidWebFormInputs.pdf]
[cs229.stanford.edu/proj2011/ChenXue-BoxOfficePrediction.pdf]
[cs229.stanford.edu/proj2011/Planey-Machine Learning Approaches to Breast Cancer Diagnosis and Treatment Response Prediction.pdf]
[cs229.stanford.edu/proj2011/Rousset-BuildingFastProxiesForOptimization ofThermalReservoirSimulation.pdf]
[cs229.stanford.edu/proj2011/rule-canamachinelearntoteach.pdf]
[cs229.stanford.edu/proj2011/JiKavousianLesser-CharacterizingDensitiesFromSemi-AnalyticalModelsOfGalaxyFormation.pdf]
[cs229.stanford.edu/proj2011/GreeneNewsom-ClassificationofMaliciousNetworkActivity.pdf]
[cs229.stanford.edu/proj2011/Huelsman-ClassificationOfVideoGameUserReviews.pdf]
[cs229.stanford.edu/proj2011/Kates-Harbeck-ClassifyingGalaxyMorphologyUsingMachineLearning.pdf]
[cs229.stanford.edu/proj2011/Nguyen-classificationOfCorporateAndPublicText.pdf]
[cs229.stanford.edu/proj2011/SashihithluSoman-ComplexSentimentAnalysisUsingRecursiveAutoencoders.pdf]
[cs229.stanford.edu/proj2011/DasMostowy-CreatingABetterAboveTheFoldExpereince.pdf]
[cs229.stanford.edu/proj2011/LeeSohnWong-GuidedWaterRocket.pdf]
[cs229.stanford.edu/proj2011/Nation-CRFBasedPointCloudSegmentation.pdf]
[cs229.stanford.edu/proj2011/Goo-DecodingNeuralStopState.pdf]
[cs229.stanford.edu/proj2011/MaheswaranathanNaeckerPayne-DecodingVisualStimuliFromNeuralResponses.pdf]
[cs229.stanford.edu/proj2011/BrunhaverZhang-DesignSpaceCharacterization.pdf]
[cs229.stanford.edu/proj2011/JonesPerelygin-DetectingAudioVideoAsynchrony.pdf]
[cs229.stanford.edu/proj2011/VeitZilberMordkovich-DetectingEmotionInHumanSpeech.pdf]
[cs229.stanford.edu/proj2011/Jeng-DetectionOfWhistlerWaves.pdf]
[cs229.stanford.edu/proj2011/HuangPak-IncreasingIndoorLocalizationAccuracyUsingWiFiSignals.pdf]
[cs229.stanford.edu/proj2011/RosaVladimirov-EarlyDefectIdentificationOfSemiconductorProcessesUsingMachineLearning.pdf]
[cs229.stanford.edu/proj2011/CarsonChenGlover-ElectricityDemandPredictionInCalifornia.pdf]
[cs229.stanford.edu/proj2011/final_project_yisheng_jiang_final_draft.pdf]
[cs229.stanford.edu/proj2011/GuptaFunkeLipp--EstimatingFriction.pdf]
[cs229.stanford.edu/proj2011/Hazi-FinalApproach.pdf]
[cs229.stanford.edu/proj2011/meruguNightingaleThobani-FinalPaper.pdf]
[cs229.stanford.edu/proj2011/jeremyPack.pdf]
[cs229.stanford.edu/proj2011/BovalTobin-FlameWarDetectionUsingNaiveBayes.pdf]
[cs229.stanford.edu/proj2011/SierraFoscoFierro-FootballFutures.pdf]
[cs229.stanford.edu/proj2011/SoltaniMirghaderi.pdf]
[cs229.stanford.edu/proj2011/Abuelhaija-ForecastingVideoAnalytics.pdf]
[cs229.stanford.edu/proj2011/ElAwady-ForecastingWithExpertOpinions.pdf]
[cs229.stanford.edu/proj2011/ChenLeeNeidert-ForeignAccentClassification.pdf]
[cs229.stanford.edu/proj2011/Maatta-PredictingGroundwaterLevels.pdf]
[cs229.stanford.edu/proj2011/Li-DetectLeadersInCowGroupMovement.pdf]
[cs229.stanford.edu/proj2011/ChoZheng-IdentifyingOpticalTrap.pdf]
[cs229.stanford.edu/proj2011/Lin-Identifying Transcription Factor Binding by the DNase Hypersensitivity Assay.pdf]
[cs229.stanford.edu/proj2011/cs229final.pdf]
[cs229.stanford.edu/proj2011/AhujaJirattigalachoteTosborvorn-ImprovingAccuracyOfInertialMeasurementUnitsUsingSupervisedMachineLearning.pdf]
[cs229.stanford.edu/proj2011/PiersonSuciu-PredictingSpeedDateOutcomesWithConversationalAndNetworkFeatures.pdf]
[cs229.stanford.edu/proj2011/Lecat-ImprovingResponseModelingwithFacebookengagementdata.pdf]
[cs229.stanford.edu/proj2011/Cordoba_ImprovingTictocWithMachineLearning.pdf]
[cs229.stanford.edu/proj2011/HieseyMellinaDar-IncorporatingWeightedClusteringIn3DGestureRecognition.pdf]
[cs229.stanford.edu/proj2011/LiSumanaphan-IndoorSceneRecognition.pdf]
[cs229.stanford.edu/proj2011/Achlioptas_finding_structure_in_cytof_data.pdf]
[cs229.stanford.edu/proj2011/Zhang-SVMDeformation.pdf]
[cs229.stanford.edu/proj2011/HuangHuang-InterpretingAmericanSignLanguageWithKinect.pdf]
[cs229.stanford.edu/proj2011/ChenChenRyan-KinectObjectRecognitionFinal-1.pdf]
[cs229.stanford.edu/proj2011/Watts-KLearnStochasticOptimizationAppliedtoSimulatedRobotActions.pdf]
[cs229.stanford.edu/proj2011/Gibbons-LearningAnalytics.pdf]
[cs229.stanford.edu/proj2011/Advani-LearningFromHighDimensionalData.pdf]
[cs229.stanford.edu/proj2011/SankaranJiaHuang-UnsupervisedLearningOfTemporallyCoherentFeaturesForActionRecognition.pdf]
[cs229.stanford.edu/proj2011/Yang-LearningStockVolatilityUsingKeywordSearchVolume.pdf]
[cs229.stanford.edu/proj2011/Vetrano-LearningUnsupervisedFeaturesFromObjects.pdf]
[cs229.stanford.edu/proj2011/Lussier-LocalStructureAndEvolutionForCascadePrediction.pdf]
[cs229.stanford.edu/proj2011/HarrisJoshuaSirignano-Predicting the Outcomes of Baseball Games.pdf]
[cs229.stanford.edu/proj2011/TopalovicRothfelsSaeta-ARecommendationEngineForWikipediaArticlesBasedOnConstrainedTrainingData.pdf]
[cs229.stanford.edu/proj2011/ChenFastLee-AreYouConfusedPredictingStudentConfusioninProofHelper.pdf]
[cs229.stanford.edu/proj2011/GoelMittal-StockMarketPredictionUsingTwitterSentimentAnalysis.pdf]
[cs229.stanford.edu/proj2011/DebbiniEstinGoutagny-ModelingTheStockMarketUsingTwitterSentimentAnalysis.pdf]
[cs229.stanford.edu/proj2011/HaggbladeHongKao-MusicGenreClassification.pdf]
[cs229.stanford.edu/proj2011/Poole-MultipleFeatureLearningForActionClassification.pdf]
[cs229.stanford.edu/proj2011/GoelPadial-MusicMoodClassification.pdf]
[cs229.stanford.edu/proj2011/FavaroLewisSchlesinger-IcaForMusicalSignalSeparation.pdf]
[cs229.stanford.edu/proj2011/KimKitch-NeuronDetectionAndDecodingInFluorescenceMicroscopy.pdf]
[cs229.stanford.edu/proj2011/BurnsHaridZoghzoghy-NewsFeedOptimizer.pdf]
[cs229.stanford.edu/proj2011/Lau-NewsRecommendationSystemUsingLogisticRegressionAndNaiveBayesClassifiers.pdf]
[cs229.stanford.edu/proj2011/BarberSpasova-NodeClassificationinMultirelationalInformationNetworks.pdf]
[cs229.stanford.edu/proj2011/GuptaSadhwani-NonlinearExtensionsOfReconstructionICA.pdf]
[cs229.stanford.edu/proj2011/SchmittMcCoy-ObjectClassificationAndLocalizationUsingSURFDescriptors.pdf]
[cs229.stanford.edu/proj2011/JimenezBonnet-OccupationClassifier.pdf]
[cs229.stanford.edu/proj2011/Moparti OCR for telugu script.pdf]
[cs229.stanford.edu/proj2011/Margulis-OpticalCharacterRecognition.pdf]
[cs229.stanford.edu/proj2011/FriendSchmerlingMittal-HessianFreeOptimizationMethodsForMachineLearningProblems.pdf]
[cs229.stanford.edu/proj2011/HanLiJi_PeopleDetectionWithDSIFTAlgorithm.pdf]
[cs229.stanford.edu/proj2011/JunjieLiang-PredictingBorrowersChanceOfDefaultingOnCreditLoans.pdf]
[cs229.stanford.edu/proj2011/ColgroveTibshiraniWong-PredictingEditLocationsOnWikipediaUsingRevisionHistory.pdf]
[cs229.stanford.edu/proj2011/OvergoorWulczyn - PredictingNegativeCouchSurfingExperiencesUsingLocalInformation.pdf]
[cs229.stanford.edu/proj2011/JanuszykXing-PredictingDifferentialDrugResponseUsingDemographicBasedVariationInGeneExpressionProfiles.pdf]
[cs229.stanford.edu/proj2011/Hillenmeyer-PredictingType1DiabetesStatusFromGenetics.pdf]
[cs229.stanford.edu/proj2011/Papadakis-InferringBiologicalMeaningFromCapAnalysisGeneExpressionData.pdf]
[cs229.stanford.edu/proj2011/Jayatilaka-RepresentingVisualAestheticTastesForWebPagesInComputableForm.pdf]
[cs229.stanford.edu/proj2011/MehtaPhilipScaria-Predicting Star Ratings from Movie Review Comments.pdf]
[cs229.stanford.edu/proj2011/ApteForssellSidhwa-PredictingMovieRevenue.pdf]
[cs229.stanford.edu/proj2011/YooKanterCummings-PredictingMovieRevenuesUsingImdbData.pdf]
[cs229.stanford.edu/proj2011/ImNguyen-PredictingBoxOfficeSuccess.pdf]
[cs229.stanford.edu/proj2011/ZhangMa_Pulse News Preference Prediction.pdf]
[cs229.stanford.edu/proj2011/MacQueenShotanKaharamaner-PredictingNewsPreferences.pdf]
[cs229.stanford.edu/proj2011/HampapurLu-PredictingNewsPreferences.pdf]
[cs229.stanford.edu/proj2011/Shau-PredictingOutcomesOfNFLGames.pdf]
[cs229.stanford.edu/proj2011/SrinawakoonSuteparuk-PredictingPreferencesAnalyzingReadingBahorAndNewsPreferences.pdf]
[cs229.stanford.edu/proj2011/PandeySrinivasan-PredictingProbabilityOfLoanDefault.pdf]
[cs229.stanford.edu/proj2011/Jong- PredictingRatingwithSentimentAnalysis.pdf]
[cs229.stanford.edu/proj2011/BurksMillerWiesenthal-PredictingIndicatorsOfSocialInequalityWithHighwayData.pdf]
[cs229.stanford.edu/proj2011/Kuleshov-CanTwitterPredictTheStockMarket.pdf]
[cs229.stanford.edu/proj2011/Richardson-PredictingtheimmediatefuturewithRecurrentNeuralNetworks.pdf]
[cs229.stanford.edu/proj2011/GawlikKaurKabaria-PredictingTourismTrendsWithGoogleInsights.pdf]
[cs229.stanford.edu/proj2011/BrownMundkowskyShiu -PredictingIntradayPriceMovementsInTheForeignExchangeMarket.pdf]
[cs229.stanford.edu/proj2011/cs229-project.pdf]
[cs229.stanford.edu/proj2011/AroraShah-PersonalizedNewsPredictionandRecommendation.pdf]
[cs229.stanford.edu/proj2011/NaYeLiu-PulseProject.pdf]
[cs229.stanford.edu/proj2011/Karpathy-ScalingForMultimodal3DObjectDetection.pdf]
[cs229.stanford.edu/proj2011/PoonWuZhang-RedditRecommendationSystem.pdf]
[cs229.stanford.edu/proj2011/Tsang-ReducedRankRegression.pdf]
[cs229.stanford.edu/proj2011/HoMaMeyer-ResamplingDetectionForDigitalImageForensics.pdf]
[cs229.stanford.edu/proj2011/ChangPimentelSvistunov-SentimentAnalysisOfOccupyWallStreetTweets.pdf]
[cs229.stanford.edu/proj2011/ChenLazer-SentimentAnalysisOfTwitterFeedsForThePredictionOfStockMarketMovement.pdf]
[cs229.stanford.edu/proj2011/SharifNorouzi-SentimentBasedModelForReputationSystemsInAmazon.pdf]
[cs229.stanford.edu/proj2011/ChenSenguptaSundaram-SignLanguageGestureRecognitionWithUnsupervisedFeatureLearning.pdf]
[cs229.stanford.edu/proj2011/KAO_StockTrendClassifier_Final.pdf]
[cs229.stanford.edu/proj2011/BrezhnevLimVenkatesh-StructuredCompletion.pdf]
[cs229.stanford.edu/proj2011/LeeYu-SupervisedLinkPredictionByGeographicAndSocialAttributes.pdf]
[cs229.stanford.edu/proj2011/CobbeLeeGomez-AcceleratingCheckersAIEvolution.pdf]
[cs229.stanford.edu/proj2011/Johnson-SupportVectorMachineClassificationofSnowRadarInterfaceLayers.pdf]
[cs229.stanford.edu/proj2011/Templeton-TacticalAndStrategicGamePlayInDoppelkopf.pdf]
[cs229.stanford.edu/proj2011/Luong-UnsupervisedMorphologicalSegmentationWithRecursiveNeuralNetwork.pdf]
[cs229.stanford.edu/proj2011/ArulMorales-NYCCondoPriceEstimationUsingNYCOpenData.pdf]
[cs229.stanford.edu/proj2011/HooyeonLee-UsingTwitterToEstimateAndPredictTheTrendsAndOpinions.pdf]
[cs229.stanford.edu/proj2011/HsuShiuTorczynski-PredictingDowJonesMovementWithTwitter.pdf]
[cs229.stanford.edu/proj2011/KurdyumovHoNg-SignLanguageClassificationUsingWebcamImages.pdf]
[cs229.stanford.edu/proj2011/NyguenGuoPark-WebsiteClassifier.pdf]
[cs229.stanford.edu/proj2011/Hamann-WhatItTakesToWin.pdf]
[cs229.stanford.edu/proj2011/BorgHokkanen-WhatMakesForAHitPopSong.pdf]
[cs229.stanford.edu/proj2011/BechonGrimaldiMerouchi-ImprovingYelpReviews.pdf]
[cs229.stanford.edu/proj2011/cs229ProjChoiRyuSun.pdf]
[cs229.stanford.edu/projects2011.html]
[cs229.stanford.edu/proj2011/index.html]
[cs229.stanford.edu/proj2011/Zhang-SVMDeformation.pdf]
[cs229.stanford.edu/proj2011/GonzalezGordonLaRocque-UsingSpatiotemporallyDistributedPatternsofIntracranialEncephalographicActivityToClassify.html]
